../Src/ff.c:619:13:ld_16	24	static
../Src/ff.c:628:14:ld_32	24	static
../Src/ff.c:657:13:st_16	16	static
../Src/ff.c:663:13:st_32	16	static
../Src/ff.c:693:12:dbc_1st	16	static
../Src/ff.c:713:12:dbc_2nd	16	static
../Src/ff.c:1057:16:sync_window	24	static
../Src/ff.c:1079:16:move_window	24	static
../Src/ff.c:1110:16:sync_fs	24	static
../Src/ff.c:1159:14:clst2sect	16	static
../Src/ff.c:1176:14:get_fat	32	static
../Src/ff.c:1254:16:put_fat	48	static
../Src/ff.c:1444:16:remove_chain	40	static
../Src/ff.c:1539:14:create_chain	40	static
../Src/ff.c:1675:16:dir_clear	32	static
../Src/ff.c:1714:16:dir_sdi	32	static
../Src/ff.c:1762:16:dir_next	32	static
../Src/ff.c:1823:16:dir_alloc	32	static
../Src/ff.c:1865:14:ld_clust	24	static
../Src/ff.c:1882:13:st_clust	24	static
../Src/ff.c:2334:16:dir_read	32	static
../Src/ff.c:2412:16:dir_find	32	static
../Src/ff.c:2494:16:dir_register	24	static
../Src/ff.c:2607:16:dir_remove	24	static
../Src/ff.c:2653:13:get_fileinfo	32	static
../Src/ff.c:2892:16:create_name	48	static
../Src/ff.c:3101:16:follow_path	32	static
../Src/ff.c:3220:12:get_ldnumber	32	static
../Src/ff.c:3367:13:check_fs	24	static
../Src/ff.c:3407:13:find_volume	40	static
../Src/ff.c:3461:16:mount_volume	72	static
../Src/ff.c:3695:16:validate	24	static
../Src/ff.c:3739:9:f_mount	40	static
../Src/ff.c:3799:9:f_open	104	static
../Src/ff.c:3996:9:f_read	64	static
../Src/ff.c:4097:9:f_write	56	static
../Src/ff.c:4218:9:f_sync	40	static
../Src/ff.c:4299:9:f_close	24	static
../Src/ff.c:4555:9:f_lseek	40	static
../Src/ff.c:4719:9:f_opendir	24	static
../Src/ff.c:4781:9:f_closedir	24	static
../Src/ff.c:4811:9:f_readdir	24	static
../Src/ff.c:4902:9:f_stat	64	static
../Src/ff.c:4939:9:f_getfree	72	static
../Src/ff.c:5036:9:f_truncate	32	static
../Src/ff.c:5087:9:f_unlink	120	static
../Src/ff.c:5176:9:f_mkdir	96	static
../Src/ff.c:5261:9:f_rename	160	static
../Src/ff.c:6588:8:f_gets	48	static
../Src/ff.c:6740:13:putc_bfd	32	static
../Src/ff.c:6871:12:putc_flush	24	static
../Src/ff.c:6886:13:putc_init	16	static
../Src/ff.c:6894:5:f_putc	96	static
../Src/ff.c:6914:5:f_puts	96	static
../Src/ff.c:7057:5:f_printf	172	static
