Archive member included to satisfy reference by file (symbol)

/opt/st/stm32cubeide_2.1.0/plugins/com.st.stm32cube.ide.mcu.externaltools.gnu-tools-for-stm32.14.3.rel1.linux64_1.0.100.202602081740/tools/bin/../lib/gcc/arm-none-eabi/14.3.1/../../../../arm-none-eabi/lib/thumb/v7e-m+fp/hard/libc_nano.a(libc_a-exit.o)
                              /opt/st/stm32cubeide_2.1.0/plugins/com.st.stm32cube.ide.mcu.externaltools.gnu-tools-for-stm32.14.3.rel1.linux64_1.0.100.202602081740/tools/bin/../lib/gcc/arm-none-eabi/14.3.1/../../../../arm-none-eabi/lib/thumb/v7e-m+fp/hard/crt0.o (exit)
/opt/st/stm32cubeide_2.1.0/plugins/com.st.stm32cube.ide.mcu.externaltools.gnu-tools-for-stm32.14.3.rel1.linux64_1.0.100.202602081740/tools/bin/../lib/gcc/arm-none-eabi/14.3.1/../../../../arm-none-eabi/lib/thumb/v7e-m+fp/hard/libc_nano.a(libc_a-findfp.o)
                              /opt/st/stm32cubeide_2.1.0/plugins/com.st.stm32cube.ide.mcu.externaltools.gnu-tools-for-stm32.14.3.rel1.linux64_1.0.100.202602081740/tools/bin/../lib/gcc/arm-none-eabi/14.3.1/../../../../arm-none-eabi/lib/thumb/v7e-m+fp/hard/libc_nano.a(libc_a-exit.o) (__stdio_exit_handler)
/opt/st/stm32cubeide_2.1.0/plugins/com.st.stm32cube.ide.mcu.externaltools.gnu-tools-for-stm32.14.3.rel1.linux64_1.0.100.202602081740/tools/bin/../lib/gcc/arm-none-eabi/14.3.1/../../../../arm-none-eabi/lib/thumb/v7e-m+fp/hard/libc_nano.a(libc_a-fwalk.o)
                              /opt/st/stm32cubeide_2.1.0/plugins/com.st.stm32cube.ide.mcu.externaltools.gnu-tools-for-stm32.14.3.rel1.linux64_1.0.100.202602081740/tools/bin/../lib/gcc/arm-none-eabi/14.3.1/../../../../arm-none-eabi/lib/thumb/v7e-m+fp/hard/libc_nano.a(libc_a-findfp.o) (_fwalk_sglue)
/opt/st/stm32cubeide_2.1.0/plugins/com.st.stm32cube.ide.mcu.externaltools.gnu-tools-for-stm32.14.3.rel1.linux64_1.0.100.202602081740/tools/bin/../lib/gcc/arm-none-eabi/14.3.1/../../../../arm-none-eabi/lib/thumb/v7e-m+fp/hard/libc_nano.a(libc_a-stdio.o)
                              /opt/st/stm32cubeide_2.1.0/plugins/com.st.stm32cube.ide.mcu.externaltools.gnu-tools-for-stm32.14.3.rel1.linux64_1.0.100.202602081740/tools/bin/../lib/gcc/arm-none-eabi/14.3.1/../../../../arm-none-eabi/lib/thumb/v7e-m+fp/hard/libc_nano.a(libc_a-findfp.o) (__sread)
/opt/st/stm32cubeide_2.1.0/plugins/com.st.stm32cube.ide.mcu.externaltools.gnu-tools-for-stm32.14.3.rel1.linux64_1.0.100.202602081740/tools/bin/../lib/gcc/arm-none-eabi/14.3.1/../../../../arm-none-eabi/lib/thumb/v7e-m+fp/hard/libc_nano.a(libc_a-memcmp.o)
                              ./Src/ff.o (memcmp)
/opt/st/stm32cubeide_2.1.0/plugins/com.st.stm32cube.ide.mcu.externaltools.gnu-tools-for-stm32.14.3.rel1.linux64_1.0.100.202602081740/tools/bin/../lib/gcc/arm-none-eabi/14.3.1/../../../../arm-none-eabi/lib/thumb/v7e-m+fp/hard/libc_nano.a(libc_a-memset.o)
                              /opt/st/stm32cubeide_2.1.0/plugins/com.st.stm32cube.ide.mcu.externaltools.gnu-tools-for-stm32.14.3.rel1.linux64_1.0.100.202602081740/tools/bin/../lib/gcc/arm-none-eabi/14.3.1/../../../../arm-none-eabi/lib/thumb/v7e-m+fp/hard/crt0.o (memset)
/opt/st/stm32cubeide_2.1.0/plugins/com.st.stm32cube.ide.mcu.externaltools.gnu-tools-for-stm32.14.3.rel1.linux64_1.0.100.202602081740/tools/bin/../lib/gcc/arm-none-eabi/14.3.1/../../../../arm-none-eabi/lib/thumb/v7e-m+fp/hard/libc_nano.a(libc_a-strchr.o)
                              ./Src/ff.o (strchr)
/opt/st/stm32cubeide_2.1.0/plugins/com.st.stm32cube.ide.mcu.externaltools.gnu-tools-for-stm32.14.3.rel1.linux64_1.0.100.202602081740/tools/bin/../lib/gcc/arm-none-eabi/14.3.1/../../../../arm-none-eabi/lib/thumb/v7e-m+fp/hard/libc_nano.a(libc_a-closer.o)
                              /opt/st/stm32cubeide_2.1.0/plugins/com.st.stm32cube.ide.mcu.externaltools.gnu-tools-for-stm32.14.3.rel1.linux64_1.0.100.202602081740/tools/bin/../lib/gcc/arm-none-eabi/14.3.1/../../../../arm-none-eabi/lib/thumb/v7e-m+fp/hard/libc_nano.a(libc_a-stdio.o) (_close_r)
/opt/st/stm32cubeide_2.1.0/plugins/com.st.stm32cube.ide.mcu.externaltools.gnu-tools-for-stm32.14.3.rel1.linux64_1.0.100.202602081740/tools/bin/../lib/gcc/arm-none-eabi/14.3.1/../../../../arm-none-eabi/lib/thumb/v7e-m+fp/hard/libc_nano.a(libc_a-reent.o)
                              /opt/st/stm32cubeide_2.1.0/plugins/com.st.stm32cube.ide.mcu.externaltools.gnu-tools-for-stm32.14.3.rel1.linux64_1.0.100.202602081740/tools/bin/../lib/gcc/arm-none-eabi/14.3.1/../../../../arm-none-eabi/lib/thumb/v7e-m+fp/hard/libc_nano.a(libc_a-closer.o) (errno)
/opt/st/stm32cubeide_2.1.0/plugins/com.st.stm32cube.ide.mcu.externaltools.gnu-tools-for-stm32.14.3.rel1.linux64_1.0.100.202602081740/tools/bin/../lib/gcc/arm-none-eabi/14.3.1/../../../../arm-none-eabi/lib/thumb/v7e-m+fp/hard/libc_nano.a(libc_a-impure.o)
[...]
Memory Configuration

Name             Origin             Length             Attributes
RAM              0x20000000         0x00020000         xrw
FLASH            0x08000000         0x00080000         xr
*default*        0x00000000         0xffffffff

Linker script and memory map

LOAD /opt/st/stm32cubeide_2.1.0/plugins/com.st.stm32cube.ide.mcu.externaltools.gnu-tools-for-stm32.14.3.rel1.linux64_1.0.100.202602081740/tools/bin/../lib/gcc/arm-none-eabi/14.3.1/thumb/v7e-m+fp/hard/crti.o
LOAD /opt/st/stm32cubeide_2.1.0/plugins/com.st.stm32cube.ide.mcu.externaltools.gnu-tools-for-stm32.14.3.rel1.linux64_1.0.100.202602081740/tools/bin/../lib/gcc/arm-none-eabi/14.3.1/thumb/v7e-m+fp/hard/crtbegin.o
LOAD /opt/st/stm32cubeide_2.1.0/plugins/com.st.stm32cube.ide.mcu.externaltools.gnu-tools-for-stm32.14.3.rel1.linux64_1.0.100.202602081740/tools/bin/../lib/gcc/arm-none-eabi/14.3.1/../../../../arm-none-eabi/lib/thumb/v7e-m+fp/hard/crt0.o
LOAD ./Src/adc.o
LOAD ./Src/diskio.o
LOAD ./Src/ff.o
LOAD ./Src/ffunicode.o
LOAD ./Src/main.o
LOAD ./Src/rcc.o
LOAD ./Src/syscalls.o
LOAD ./Src/sysmem.o
LOAD ./Src/system_stm32f4xx.o
LOAD ./Src/systick.o
LOAD ./Startup/startup_stm32f446retx.o
START GROUP
LOAD /opt/st/stm32cubeide_2.1.0/plugins/com.st.stm32cube.ide.mcu.externaltools.gnu-tools-for-stm32.14.3.rel1.linux64_1.0.100.202602081740/tools/bin/../lib/gcc/arm-none-eabi/14.3.1/../../../../arm-none-eabi/lib/thumb/v7e-m+fp/hard/libstdc++_nano.a
LOAD /opt/st/stm32cubeide_2.1.0/plugins/com.st.stm32cube.ide.mcu.externaltools.gnu-tools-for-stm32.14.3.rel1.linux64_1.0.100.202602081740/tools/bin/../lib/gcc/arm-none-eabi/14.3.1/../../../../arm-none-eabi/lib/thumb/v7e-m+fp/hard/libsupc++_nano.a
END GROUP
LOAD /opt/st/stm32cubeide_2.1.0/plugins/com.st.stm32cube.ide.mcu.externaltools.gnu-tools-for-stm32.14.3.rel1.linux64_1.0.100.202602081740/tools/bin/../lib/gcc/arm-none-eabi/14.3.1/../../../../arm-none-eabi/lib/thumb/v7e-m+fp/hard/libstdc++_nano.a
LOAD /opt/st/stm32cubeide_2.1.0/plugins/com.st.stm32cube.ide.mcu.externaltools.gnu-tools-for-stm32.14.3.rel1.linux64_1.0.100.202602081740/tools/bin/../lib/gcc/arm-none-eabi/14.3.1/../../../../arm-none-eabi/lib/thumb/v7e-m+fp/hard/libm.a
LOAD /opt/st/stm32cubeide_2.1.0/plugins/com.st.stm32cube.ide.mcu.externaltools.gnu-tools-for-stm32.14.3.rel1.linux64_1.0.100.202602081740/tools/bin/../lib/gcc/arm-none-eabi/14.3.1/../../../../arm-none-eabi/lib/thumb/v7e-m+fp/hard/libc_nano.a
START GROUP
LOAD /opt/st/stm32cubeide_2.1.0/plugins/com.st.stm32cube.ide.mcu.externaltools.gnu-tools-for-stm32.14.3.rel1.linux64_1.0.100.202602081740/tools/bin/../lib/gcc/arm-none-eabi/14.3.1/thumb/v7e-m+fp/hard/libgcc.a
LOAD /opt/st/stm32cubeide_2.1.0/plugins/com.st.stm32cube.ide.mcu.externaltools.gnu-tools-for-stm32.14.3.rel1.linux64_1.0.100.202602081740/tools/bin/../lib/gcc/arm-none-eabi/14.3.1/../../../../arm-none-eabi/lib/thumb/v7e-m+fp/hard/libc_nano.a
END GROUP
START GROUP
LOAD /opt/st/stm32cubeide_2.1.0/plugins/com.st.stm32cube.ide.mcu.externaltools.gnu-tools-for-stm32.14.3.rel1.linux64_1.0.100.202602081740/tools/bin/../lib/gcc/arm-none-eabi/14.3.1/thumb/v7e-m+fp/hard/libgcc.a
LOAD /opt/st/stm32cubeide_2.1.0/plugins/com.st.stm32cube.ide.mcu.externaltools.gnu-tools-for-stm32.14.3.rel1.linux64_1.0.100.202602081740/tools/bin/../lib/gcc/arm-none-eabi/14.3.1/../../../../arm-none-eabi/lib/thumb/v7e-m+fp/hard/libc_nano.a
LOAD /opt/st/stm32cubeide_2.1.0/plugins/com.st.stm32cube.ide.mcu.externaltools.gnu-tools-for-stm32.14.3.rel1.linux64_1.0.100.202602081740/tools/bin/../lib/gcc/arm-none-eabi/14.3.1/../../../../arm-none-eabi/lib/thumb/v7e-m+fp/hard/libnosys.a
END GROUP
START GROUP
LOAD /opt/st/stm32cubeide_2.1.0/plugins/com.st.stm32cube.ide.mcu.externaltools.gnu-tools-for-stm32.14.3.rel1.linux64_1.0.100.202602081740/tools/bin/../lib/gcc/arm-none-eabi/14.3.1/thumb/v7e-m+fp/hard/libgcc.a
LOAD /opt/st/stm32cubeide_2.1.0/plugins/com.st.stm32cube.ide.mcu.externaltools.gnu-tools-for-stm32.14.3.rel1.linux64_1.0.100.202602081740/tools/bin/../lib/gcc/arm-none-eabi/14.3.1/../../../../arm-none-eabi/lib/thumb/v7e-m+fp/hard/libc_nano.a
LOAD /opt/st/stm32cubeide_2.1.0/plugins/com.st.stm32cube.ide.mcu.externaltools.gnu-tools-for-stm32.14.3.rel1.linux64_1.0.100.202602081740/tools/bin/../lib/gcc/arm-none-eabi/14.3.1/../../../../arm-none-eabi/lib/thumb/v7e-m+fp/hard/libnosys.a
END GROUP
LOAD /opt/st/stm32cubeide_2.1.0/plugins/com.st.stm32cube.ide.mcu.externaltools.gnu-tools-for-stm32.14.3.rel1.linux64_1.0.100.202602081740/tools/bin/../lib/gcc/arm-none-eabi/14.3.1/thumb/v7e-m+fp/hard/crtend.o
LOAD /opt/st/stm32cubeide_2.1.0/plugins/com.st.stm32cube.ide.mcu.externaltools.gnu-tools-for-stm32.14.3.rel1.linux64_1.0.100.202602081740/tools/bin/../lib/gcc/arm-none-eabi/14.3.1/thumb/v7e-m+fp/hard/crtn.o
                0x20020000                        _estack = (ORIGIN (RAM) + LENGTH (RAM))
                0x00000200                        _Min_Heap_Size = 0x200
                0x00000400                        _Min_Stack_Size = 0x400

.isr_vector     0x08000000      0x1c4
                0x08000000                        . = ALIGN (0x4)
 *(.isr_vector)
 .isr_vector    0x08000000      0x1c4 ./Startup/startup_stm32f446retx.o
                0x08000000                g_pfnVectors
                0x080001c4                        . = ALIGN (0x4)

.text           0x080001c4     0x469c
                0x080001c4                        . = ALIGN (0x4)
 *(.text)
 .text          0x080001c4       0x40 /opt/st/stm32cubeide_2.1.0/plugins/com.st.stm32cube.ide.mcu.externaltools.gnu-tools-for-stm32.14.3.rel1.linux64_1.0.100.202602081740/tools/bin/../lib/gcc/arm-none-eabi/14.3.1/thumb/v7e-m+fp/hard/crtbegin.o
 .text          0x08000204      0x378 /opt/st/stm32cubeide_2.1.0/plugins/com.st.stm32cube.ide.mcu.externaltools.gnu-tools-for-stm32.14.3.rel1.linux64_1.0.100.202602081740/tools/bin/../lib/gcc/arm-none-eabi/14.3.1/thumb/v7e-m+fp/hard/libgcc.a(_arm_addsubdf3.o)
                0x08000204                __aeabi_drsub
                0x0800020c                __aeabi_dsub
                0x0800020c                __subdf3
                0x08000210                __adddf3
                0x08000210                __aeabi_dadd
                0x08000488                __aeabi_ui2d
                0x08000488                __floatunsidf
                0x080004a8                __floatsidf
                0x080004a8                __aeabi_i2d
                0x080004cc                __extendsfdf2
                0x080004cc                __aeabi_f2d
                0x08000510                __aeabi_ul2d
                0x08000510                __floatundidf
                0x08000520                __floatdidf
                0x08000520                __aeabi_l2d
 *(.text*)
 .text._ZN4Gpio7getPortEv
                0x0800057c       0x18 ./Src/diskio.o
                0x0800057c                Gpio::getPort()
 .text._ZN3Spi11setBaudRateE8BaudRate
                0x08000594       0x2e ./Src/diskio.o
                0x08000594                Spi::setBaudRate(BaudRate)
 *fill*         0x080005c2        0x2 
 .text._ZN3Spi8csEnableEv
                0x080005c4       0x40 ./Src/diskio.o
                0x080005c4                Spi::csEnable()
 .text._ZN3Spi9csDisableEv
                0x08000604       0x40 ./Src/diskio.o
                0x08000604                Spi::csDisable()
 .text._ZN3Spi8transmitEPhm
                0x08000644       0xa0 ./Src/diskio.o
                0x08000644                Spi::transmit(unsigned char*, unsigned long)
 .text._ZN3Spi7receiveEPhm
                0x080006e4       0x5a ./Src/diskio.o
                0x080006e4                Spi::receive(unsigned char*, unsigned long)
 *fill*         0x0800073e        0x2 
 .text._ZN4Tick7getTickEv
                0x08000740       0x18 ./Src/diskio.o
                0x08000740                Tick::getTick()
 .text._ZN4Tick7elapsedEm
                0x08000758       0x1a ./Src/diskio.o
                0x08000758                Tick::elapsed(unsigned long)
 *fill*         0x08000772        0x2 
 .text._ZL11spiTransferh
                0x08000774       0x34 ./Src/diskio.o
 .text._ZL9waitReadym
                0x080007a8       0x40 ./Src/diskio.o
 .text._ZL11sendCommandhm
                0x080007e8       0xb8 ./Src/diskio.o
 .text.disk_initialize
                0x080008a0      0x1fc ./Src/diskio.o
                0x080008a0                disk_initialize
 .text.disk_status
                0x08000a9c       0x2c ./Src/diskio.o
                0x08000a9c                disk_status
 .text.disk_read
                0x08000ac8      0x10c ./Src/diskio.o
                0x08000ac8                disk_read
 .text.disk_write
                0x08000bd4      0x13c ./Src/diskio.o
                0x08000bd4                disk_write
 .text.disk_ioctl
                0x08000d10       0x88 ./Src/diskio.o
                0x08000d10                disk_ioctl
 .text.get_fattime
                0x08000d98       0x14 ./Src/diskio.o
                0x08000d98                get_fattime
 .text.ld_16    0x08000dac       0x32 ./Src/ff.o
 .text.ld_32    0x08000dde       0x46 ./Src/ff.o
 .text.st_16    0x08000e24       0x36 ./Src/ff.o
 .text.st_32    0x08000e5a       0x58 ./Src/ff.o
 .text.dbc_1st  0x08000eb2       0x40 ./Src/ff.o
 .text.dbc_2nd  0x08000ef2       0x54 ./Src/ff.o
 .text.sync_window
                0x08000f46       0x78 ./Src/ff.o
 .text.move_window
                0x08000fbe       0x5a ./Src/ff.o
 .text.sync_fs  0x08001018       0xe0 ./Src/ff.o
 .text.clst2sect
                0x080010f8       0x3e ./Src/ff.o
 .text.get_fat  0x08001136      0x14e ./Src/ff.o
 .text.put_fat  0x08001284      0x1d4 ./Src/ff.o
 .text.remove_chain
                0x08001458       0xca ./Src/ff.o
 .text.create_chain
                0x08001522      0x1aa ./Src/ff.o
 .text.dir_clear
                0x080016cc       0x90 ./Src/ff.o
 .text.dir_sdi  0x0800175c       0xf6 ./Src/ff.o
 .text.dir_next
                0x08001852      0x12c ./Src/ff.o
 .text.dir_alloc
                0x0800197e       0x8e ./Src/ff.o
 .text.ld_clust
                0x08001a0c       0x3e ./Src/ff.o
 .text.st_clust
                0x08001a4a       0x40 ./Src/ff.o
 .text.dir_find
                0x08001a8a       0xaa ./Src/ff.o
 .text.dir_register
                0x08001b34       0x64 ./Src/ff.o
 .text.create_name
                0x08001b98      0x190 ./Src/ff.o
 .text.follow_path
                0x08001d28       0xde ./Src/ff.o
 .text.get_ldnumber
                0x08001e06       0x84 ./Src/ff.o
 *fill*         0x08001e8a        0x2 
 .text.check_fs
                0x08001e8c      0x148 ./Src/ff.o
 .text.find_volume
                0x08001fd4       0xbe ./Src/ff.o
 *fill*         0x08002092        0x2 
 .text.mount_volume
                0x08002094      0x3f4 ./Src/ff.o
 .text.validate
                0x08002488       0x6a ./Src/ff.o
 *fill*         0x080024f2        0x2 
 .text.f_mount  0x080024f4       0x94 ./Src/ff.o
                0x080024f4                f_mount
 .text.f_open   0x08002588      0x310 ./Src/ff.o
                0x08002588                f_open
 .text.f_write  0x08002898      0x2d2 ./Src/ff.o
                0x08002898                f_write
 .text.f_sync   0x08002b6a       0xfe ./Src/ff.o
                0x08002b6a                f_sync
 .text.putc_bfd
                0x08002c68       0x70 ./Src/ff.o
 .text.putc_flush
                0x08002cd8       0x4a ./Src/ff.o
 .text.putc_init
                0x08002d22       0x22 ./Src/ff.o
 .text.f_printf
                0x08002d44      0x530 ./Src/ff.o
                0x08002d44                f_printf
 .text.__NVIC_EnableIRQ
                0x08003274       0x3c ./Src/main.o
 .text.__NVIC_SetPriority
                0x080032b0       0x54 ./Src/main.o
 .text.SysTick_Config
                0x08003304       0x44 ./Src/main.o
 .text._ZN3Rcc10enableAhb1E11RCC_AHB1ENR
                0x08003348       0x28 ./Src/main.o
                0x08003348                Rcc::enableAhb1(RCC_AHB1ENR)
 .text._ZN3Rcc10enableApb2E11RCC_APB2ENR
                0x08003370       0x28 ./Src/main.o
                0x08003370                Rcc::enableApb2(RCC_APB2ENR)
 .text._ZN4GpioC2EP12GPIO_TypeDef
                0x08003398       0x1e ./Src/main.o
                0x08003398                Gpio::Gpio(GPIO_TypeDef*)
                0x08003398                Gpio::Gpio(GPIO_TypeDef*)
 .text._ZN4Gpio7setModeEh4Mode
                0x080033b6       0x48 ./Src/main.o
                0x080033b6                Gpio::setMode(unsigned char, Mode)
 .text._ZN4Gpio7setPullEh4Pull
                0x080033fe       0x48 ./Src/main.o
                0x080033fe                Gpio::setPull(unsigned char, Pull)
 .text._ZN4Gpio8setSpeedEh5Speed
                0x08003446       0x48 ./Src/main.o
                0x08003446                Gpio::setSpeed(unsigned char, Speed)
 .text._ZN4Gpio20setAlternateFunctionEh2AF
                0x0800348e       0x70 ./Src/main.o
                0x0800348e                Gpio::setAlternateFunction(unsigned char, AF)
 .text._ZN3SpiC2EP11SPI_TypeDef7SpiPins
                0x080034fe       0x40 ./Src/main.o
                0x080034fe                Spi::Spi(SPI_TypeDef*, SpiPins)
                0x080034fe                Spi::Spi(SPI_TypeDef*, SpiPins)
 .text._ZN3Spi16setClockPolarityE13ClockPolarity
                0x0800353e       0x36 ./Src/main.o
                0x0800353e                Spi::setClockPolarity(ClockPolarity)
 .text._ZN3Spi13setClockPhaseE10ClockPhase
                0x08003574       0x36 ./Src/main.o
                0x08003574                Spi::setClockPhase(ClockPhase)
 .text._ZN3Spi9setRxOnlyE6RxOnly
                0x080035aa       0x38 ./Src/main.o
                0x080035aa                Spi::setRxOnly(RxOnly)
 .text._ZN3Spi11setBitOrderE8BitOrder
                0x080035e2       0x36 ./Src/main.o
                0x080035e2                Spi::setBitOrder(BitOrder)
 .text._ZN3Spi18setMasterSelectionE15MasterSelection
                0x08003618       0x36 ./Src/main.o
                0x08003618                Spi::setMasterSelection(MasterSelection)
 .text._ZN3Spi18setDataFrameFormatE15DataFrameFormat
                0x0800364e       0x38 ./Src/main.o
                0x0800364e                Spi::setDataFrameFormat(DataFrameFormat)
 .text._ZN3Spi22setInternalSlaveSelectE19InternalSlaveSelect
                0x08003686       0x38 ./Src/main.o
                0x08003686                Spi::setInternalSlaveSelect(InternalSlaveSelect)
 .text._ZN3Spi26setSoftwareSlaveManagementE23SoftwareSlaveManagement
                0x080036be       0x38 ./Src/main.o
                0x080036be                Spi::setSoftwareSlaveManagement(SoftwareSlaveManagement)
 *fill*         0x080036f6        0x2 
 .text._ZN3Spi9enableSpiEv
                0x080036f8       0x34 ./Src/main.o
                0x080036f8                Spi::enableSpi()
 .text._ZN3Spi8initGpioEv
                0x0800372c       0xa4 ./Src/main.o
                0x0800372c                Spi::initGpio()
 .text._ZN3Spi6configEv
                0x080037d0       0x6c ./Src/main.o
                0x080037d0                Spi::config()
 .text._ZN4ExtiC2E3Pin13SYSCFG_EXTICR
                0x0800383c       0x34 ./Src/main.o
                0x0800383c                Exti::Exti(Pin, SYSCFG_EXTICR)
                0x0800383c                Exti::Exti(Pin, SYSCFG_EXTICR)
 .text._ZN4Exti4initEv
                0x08003870       0x50 ./Src/main.o
                0x08003870                Exti::init()
 .text._ZN4Exti19configureExtiSourceE11ExtiTrigger
                0x080038c0      0x100 ./Src/main.o
                0x080038c0                Exti::configureExtiSource(ExtiTrigger)
 .text._ZN4Exti11setCallbackEPFvvE
                0x080039c0       0x1c ./Src/main.o
                0x080039c0                Exti::setCallback(void (*)())
 .text._ZN4Exti9handleIrqEv
                0x080039dc       0x50 ./Src/main.o
                0x080039dc                Exti::handleIrq()
 .text._ZN4Exti7getIrqnEh
                0x08003a2c       0x54 ./Src/main.o
                0x08003a2c                Exti::getIrqn(unsigned char)
 .text._ZN4Tick4initEv
                0x08003a80       0x54 ./Src/main.o
                0x08003a80                Tick::init()
 .text._ZN4Tick7delayUsEm
                0x08003ad4       0x58 ./Src/main.o
                0x08003ad4                Tick::delayUs(unsigned long)
 .text._ZN4Tick7delayMsEm
                0x08003b2c       0x20 ./Src/main.o
                0x08003b2c                Tick::delayMs(unsigned long)
 .text._ZN4Tick7tickIsrEv
                0x08003b4c       0x1c ./Src/main.o
                0x08003b4c                Tick::tickIsr()
 .text._ZN4Uart4initEv
                0x08003b68       0x7c ./Src/main.o
                0x08003b68                Uart::init()
 .text._ZN4Uart7putCharEc
                0x08003be4       0x38 ./Src/main.o
                0x08003be4                Uart::putChar(char)
 .text._ZN4Uart5printEPKc
                0x08003c1c       0x2a ./Src/main.o
                0x08003c1c                Uart::print(char const*)
 .text._ZN4Uart7printlnEPKc
                0x08003c46       0x22 ./Src/main.o
                0x08003c46                Uart::println(char const*)
 .text._ZN4Uart8printU32Em
                0x08003c68       0x80 ./Src/main.o
                0x08003c68                Uart::printU32(unsigned long)
 .text._ZNK5Dht227Reading12temperatureCEv
                0x08003ce8       0x30 ./Src/main.o
                0x08003ce8                Dht22::Reading::temperatureC() const
 .text._ZNK5Dht227Reading8humidityEv
                0x08003d18       0x2e ./Src/main.o
                0x08003d18                Dht22::Reading::humidity() const
 .text._ZN5Dht22C2E3Pin
                0x08003d46       0x28 ./Src/main.o
                0x08003d46                Dht22::Dht22(Pin)
                0x08003d46                Dht22::Dht22(Pin)
 *fill*         0x08003d6e        0x2 
 .text._ZN5Dht224initEv
                0x08003d70       0x48 ./Src/main.o
                0x08003d70                Dht22::init()
 .text._ZN5Dht224readEv
                0x08003db8      0x1be ./Src/main.o
                0x08003db8                Dht22::read()
 .text._ZN5Dht226setLowEv
                0x08003f76       0x2e ./Src/main.o
                0x08003f76                Dht22::setLow()
 .text._ZN5Dht227setHighEv
                0x08003fa4       0x2c ./Src/main.o
                0x08003fa4                Dht22::setHigh()
 .text._ZN5Dht227readPinEv
                0x08003fd0       0x2c ./Src/main.o
                0x08003fd0                Dht22::readPin()
 .text._ZN5Dht2212waitForLevelEhm
                0x08003ffc       0x78 ./Src/main.o
                0x08003ffc                Dht22::waitForLevel(unsigned char, unsigned long)
 .text._ZN5Dht2213measureHighUsEm
                0x08004074       0x84 ./Src/main.o
                0x08004074                Dht22::measureHighUs(unsigned long)
 .text._ZN6Logger4initEv
                0x080040f8       0x6c ./Src/main.o
                0x080040f8                Logger::init()
 .text._ZN6Logger3logERKN5Dht227ReadingE
                0x08004164       0x80 ./Src/main.o
                0x08004164                Logger::log(Dht22::Reading const&)
 .text._ZN6Logger11writeHeaderEv
                0x080041e4       0x30 ./Src/main.o
                0x080041e4                Logger::writeHeader()
 .text._ZN3FsmC2E3PinS0_R5Dht22R6Logger
                0x08004214       0x58 ./Src/main.o
                0x08004214                Fsm::Fsm(Pin, Pin, Dht22&, Logger&)
                0x08004214                Fsm::Fsm(Pin, Pin, Dht22&, Logger&)
 .text._ZN3Fsm4initEv
                0x0800426c       0x54 ./Src/main.o
                0x0800426c                Fsm::init()
 .text._ZN3Fsm3runEv
                0x080042c0       0x78 ./Src/main.o
                0x080042c0                Fsm::run()
 .text._ZN3Fsm13onButtonPressEv
                0x08004338       0x1c ./Src/main.o
                0x08004338                Fsm::onButtonPress()
 .text._ZN3Fsm9enterIdleEv
                0x08004354       0x3c ./Src/main.o
                0x08004354                Fsm::enterIdle()
 .text._ZN3Fsm11enterSampleEv
                0x08004390       0x50 ./Src/main.o
                0x08004390                Fsm::enterSample()
 .text._ZN3Fsm10takeSampleEv
                0x080043e0       0xb4 ./Src/main.o
                0x080043e0                Fsm::takeSample()
 .text._ZN3Fsm6setLedERK3Pinb
                0x08004494       0x58 ./Src/main.o
                0x08004494                Fsm::setLed(Pin const&, bool)
 .text.SysTick_Handler
                0x080044ec        0xc ./Src/main.o
                0x080044ec                SysTick_Handler
 .text.EXTI15_10_IRQHandler
                0x080044f8       0x14 ./Src/main.o
                0x080044f8                EXTI15_10_IRQHandler
 .text._ZZ4mainENKUlvE_clEv
                0x0800450c       0x1c ./Src/main.o
 .text._ZZ4mainENUlvE_4_FUNEv
                0x08004528        0xc ./Src/main.o
 .text._ZZ4mainENKUlvE_cvPFvvEEv
                0x08004534       0x1c ./Src/main.o
 .text.main     0x08004550       0xd8 ./Src/main.o
                0x08004550                main
 .text._Z41__static_initialization_and_destruction_0v
                0x08004628       0xf0 ./Src/main.o
 .text._GLOBAL__sub_I_gpioA
                0x08004718        0xa ./Src/main.o
 *fill*         0x08004722        0x2 
 .text.SystemInit
                0x08004724       0x24 ./Src/system_stm32f4xx.o
                0x08004724                SystemInit
 .text.Reset_Handler
                0x08004748       0x50 ./Startup/startup_stm32f446retx.o
                0x08004748                Reset_Handler
 .text.Default_Handler
                0x08004798        0x2 ./Startup/startup_stm32f446retx.o
                0x08004798                RTC_Alarm_IRQHandler
                0x08004798                EXTI2_IRQHandler
                0x08004798                TIM8_CC_IRQHandler
                0x08004798                SPDIF_Rx_IRQHandler
                0x08004798                DebugMon_Handler
                0x08004798                SPI4_IRQHandler
                0x08004798                TIM1_CC_IRQHandler
                0x08004798                QuadSPI_IRQHandler
                0x08004798                DMA2_Stream5_IRQHandler
                0x08004798                HardFault_Handler
                0x08004798                DMA1_Stream5_IRQHandler
                0x08004798                PVD_IRQHandler
                0x08004798                SDIO_IRQHandler
                0x08004798                TAMP_STAMP_IRQHandler
                0x08004798                PendSV_Handler
                0x08004798                NMI_Handler
                0x08004798                CAN2_RX1_IRQHandler
                0x08004798                EXTI3_IRQHandler
                0x08004798                TIM8_TRG_COM_TIM14_IRQHandler
                0x08004798                TIM1_UP_TIM10_IRQHandler
                0x08004798                FMPI2C1_error_IRQHandler
                0x08004798                TIM8_UP_TIM13_IRQHandler
                0x08004798                I2C3_ER_IRQHandler
                0x08004798                EXTI0_IRQHandler
                0x08004798                I2C2_EV_IRQHandler
                0x08004798                DMA1_Stream2_IRQHandler
                0x08004798                CAN1_RX0_IRQHandler
                0x08004798                OTG_HS_WKUP_IRQHandler
                0x08004798                UsageFault_Handler
                0x08004798                CAN2_SCE_IRQHandler
                0x08004798                DMA2_Stream2_IRQHandler
                0x08004798                SPI1_IRQHandler
                0x08004798                TIM6_DAC_IRQHandler
                0x08004798                TIM1_BRK_TIM9_IRQHandler
                0x08004798                DCMI_IRQHandler
                0x08004798                CAN2_RX0_IRQHandler
                0x08004798                DMA2_Stream3_IRQHandler
                0x08004798                FMPI2C1_IRQHandler
                0x08004798                SAI2_IRQHandler
                0x08004798                USART6_IRQHandler
                0x08004798                USART3_IRQHandler
                0x08004798                CAN1_RX1_IRQHandler
                0x08004798                UART5_IRQHandler
                0x08004798                DMA2_Stream0_IRQHandler
                0x08004798                TIM4_IRQHandler
                0x08004798                I2C1_EV_IRQHandler
                0x08004798                HDMI_CEC_IRQHandler
                0x08004798                DMA1_Stream6_IRQHandler
                0x08004798                DMA1_Stream1_IRQHandler
                0x08004798                UART4_IRQHandler
                0x08004798                TIM3_IRQHandler
                0x08004798                RCC_IRQHandler
                0x08004798                TIM8_BRK_TIM12_IRQHandler
                0x08004798                Default_Handler
                0x08004798                ADC_IRQHandler
                0x08004798                DMA1_Stream7_IRQHandler
                0x08004798                TIM7_IRQHandler
                0x08004798                CAN2_TX_IRQHandler
                0x08004798                TIM5_IRQHandler
                0x08004798                DMA2_Stream7_IRQHandler
                0x08004798                I2C3_EV_IRQHandler
                0x08004798                EXTI9_5_IRQHandler
                0x08004798                RTC_WKUP_IRQHandler
                0x08004798                SPI2_IRQHandler
                0x08004798                OTG_HS_EP1_IN_IRQHandler
                0x08004798                MemManage_Handler
                0x08004798                DMA1_Stream0_IRQHandler
                0x08004798                CAN1_TX_IRQHandler
                0x08004798                SVC_Handler
                0x08004798                EXTI4_IRQHandler
                0x08004798                OTG_HS_EP1_OUT_IRQHandler
                0x08004798                WWDG_IRQHandler
                0x08004798                TIM2_IRQHandler
                0x08004798                OTG_FS_WKUP_IRQHandler
                0x08004798                TIM1_TRG_COM_TIM11_IRQHandler
                0x08004798                OTG_HS_IRQHandler
                0x08004798                EXTI1_IRQHandler
                0x08004798                USART2_IRQHandler
                0x08004798                I2C2_ER_IRQHandler
                0x08004798                DMA2_Stream1_IRQHandler
                0x08004798                CAN1_SCE_IRQHandler
                0x08004798                FLASH_IRQHandler
                0x08004798                DMA2_Stream4_IRQHandler
                0x08004798                BusFault_Handler
                0x08004798                USART1_IRQHandler
                0x08004798                OTG_FS_IRQHandler
                0x08004798                SPI3_IRQHandler
                0x08004798                DMA1_Stream4_IRQHandler
                0x08004798                I2C1_ER_IRQHandler
                0x08004798                FMC_IRQHandler
                0x08004798                DMA2_Stream6_IRQHandler
                0x08004798                SAI1_IRQHandler
                0x08004798                DMA1_Stream3_IRQHandler
 .text.memcmp   0x0800479a       0x20 /opt/st/stm32cubeide_2.1.0/plugins/com.st.stm32cube.ide.mcu.externaltools.gnu-tools-for-stm32.14.3.rel1.linux64_1.0.100.202602081740/tools/bin/../lib/gcc/arm-none-eabi/14.3.1/../../../../arm-none-eabi/lib/thumb/v7e-m+fp/hard/libc_nano.a(libc_a-memcmp.o)
                0x0800479a                memcmp
 .text.memset   0x080047ba       0x10 /opt/st/stm32cubeide_2.1.0/plugins/com.st.stm32cube.ide.mcu.externaltools.gnu-tools-for-stm32.14.3.rel1.linux64_1.0.100.202602081740/tools/bin/../lib/gcc/arm-none-eabi/14.3.1/../../../../arm-none-eabi/lib/thumb/v7e-m+fp/hard/libc_nano.a(libc_a-memset.o)
                0x080047ba                memset
 .text.strchr   0x080047ca       0x1a /opt/st/stm32cubeide_2.1.0/plugins/com.st.stm32cube.ide.mcu.externaltools.gnu-tools-for-stm32.14.3.rel1.linux64_1.0.100.202602081740/tools/bin/../lib/gcc/arm-none-eabi/14.3.1/../../../../arm-none-eabi/lib/thumb/v7e-m+fp/hard/libc_nano.a(libc_a-strchr.o)
                0x080047ca                strchr
 .text.__libc_init_array
                0x080047e4       0x48 /opt/st/stm32cubeide_2.1.0/plugins/com.st.stm32cube.ide.mcu.externaltools.gnu-tools-for-stm32.14.3.rel1.linux64_1.0.100.202602081740/tools/bin/../lib/gcc/arm-none-eabi/14.3.1/../../../../arm-none-eabi/lib/thumb/v7e-m+fp/hard/libc_nano.a(libc_a-init.o)
                0x080047e4                __libc_init_array
 .text.memcpy   0x0800482c       0x1c /opt/st/stm32cubeide_2.1.0/plugins/com.st.stm32cube.ide.mcu.externaltools.gnu-tools-for-stm32.14.3.rel1.linux64_1.0.100.202602081740/tools/bin/../lib/gcc/arm-none-eabi/14.3.1/../../../../arm-none-eabi/lib/thumb/v7e-m+fp/hard/libc_nano.a(libc_a-memcpy-stub.o)
                0x0800482c                memcpy
 *(.glue_7)
 .glue_7        0x08004848        0x0 linker stubs
 *(.glue_7t)
 .glue_7t       0x08004848        0x0 linker stubs
 *(.eh_frame)
 .eh_frame      0x08004848        0x0 /opt/st/stm32cubeide_2.1.0/plugins/com.st.stm32cube.ide.mcu.externaltools.gnu-tools-for-stm32.14.3.rel1.linux64_1.0.100.202602081740/tools/bin/../lib/gcc/arm-none-eabi/14.3.1/thumb/v7e-m+fp/hard/crtbegin.o
 *(.init)
 .init          0x08004848        0x4 /opt/st/stm32cubeide_2.1.0/plugins/com.st.stm32cube.ide.mcu.externaltools.gnu-tools-for-stm32.14.3.rel1.linux64_1.0.100.202602081740/tools/bin/../lib/gcc/arm-none-eabi/14.3.1/thumb/v7e-m+fp/hard/crti.o
                0x08004848                _init
 .init          0x0800484c        0x8 /opt/st/stm32cubeide_2.1.0/plugins/com.st.stm32cube.ide.mcu.externaltools.gnu-tools-for-stm32.14.3.rel1.linux64_1.0.100.202602081740/tools/bin/../lib/gcc/arm-none-eabi/14.3.1/thumb/v7e-m+fp/hard/crtn.o
 *(.fini)
 .fini          0x08004854        0x4 /opt/st/stm32cubeide_2.1.0/plugins/com.st.stm32cube.ide.mcu.externaltools.gnu-tools-for-stm32.14.3.rel1.linux64_1.0.100.202602081740/tools/bin/../lib/gcc/arm-none-eabi/14.3.1/thumb/v7e-m+fp/hard/crti.o
                0x08004854                _fini
 .fini          0x08004858        0x8 /opt/st/stm32cubeide_2.1.0/plugins/com.st.stm32cube.ide.mcu.externaltools.gnu-tools-for-stm32.14.3.rel1.linux64_1.0.100.202602081740/tools/bin/../lib/gcc/arm-none-eabi/14.3.1/thumb/v7e-m+fp/hard/crtn.o
                0x08004860                        . = ALIGN (0x4)
                0x08004860                        _etext = .

.vfp11_veneer   0x08004860        0x0
 .vfp11_veneer  0x08004860        0x0 linker stubs

.v4_bx          0x08004860        0x0
 .v4_bx         0x08004860        0x0 linker stubs

.iplt           0x08004860        0x0
 .iplt          0x08004860        0x0 /opt/st/stm32cubeide_2.1.0/plugins/com.st.stm32cube.ide.mcu.externaltools.gnu-tools-for-stm32.14.3.rel1.linux64_1.0.100.202602081740/tools/bin/../lib/gcc/arm-none-eabi/14.3.1/thumb/v7e-m+fp/hard/crtbegin.o

.rodata         0x08004860      0x22c
                0x08004860                        . = ALIGN (0x4)
 *(.rodata)
 .rodata        0x08004860       0x19 ./Src/ff.o
 *fill*         0x08004879        0x3 
 .rodata        0x0800487c      0x210 ./Src/main.o
 *(.rodata*)
                0x08004a8c                        . = ALIGN (0x4)

.ARM.extab      0x08004a8c        0x0
                0x08004a8c                        . = ALIGN (0x4)
 *(.ARM.extab* .gnu.linkonce.armextab.*)
                0x08004a8c                        . = ALIGN (0x4)

.ARM            0x08004a8c        0x0
                0x08004a8c                        . = ALIGN (0x4)
                0x08004a8c                        __exidx_start = .
 *(.ARM.exidx*)
                0x08004a8c                        __exidx_end = .
                0x08004a8c                        . = ALIGN (0x4)

.preinit_array  0x08004a8c        0x0
                0x08004a8c                        . = ALIGN (0x4)
                0x08004a8c                        PROVIDE (__preinit_array_start = .)
 *(.preinit_array*)
                0x08004a8c                        PROVIDE (__preinit_array_end = .)
                0x08004a8c                        . = ALIGN (0x4)

.init_array     0x08004a8c        0x8
                0x08004a8c                        . = ALIGN (0x4)
                0x08004a8c                        PROVIDE (__init_array_start = .)
 *(SORT_BY_NAME(.init_array.*))
 *(.init_array*)
 .init_array    0x08004a8c        0x4 /opt/st/stm32cubeide_2.1.0/plugins/com.st.stm32cube.ide.mcu.externaltools.gnu-tools-for-stm32.14.3.rel1.linux64_1.0.100.202602081740/tools/bin/../lib/gcc/arm-none-eabi/14.3.1/thumb/v7e-m+fp/hard/crtbegin.o
 .init_array    0x08004a90        0x4 ./Src/main.o
                0x08004a94                        PROVIDE (__init_array_end = .)
                0x08004a94                        . = ALIGN (0x4)

.fini_array     0x08004a94        0x4
                0x08004a94                        . = ALIGN (0x4)
                [!provide]                        PROVIDE (__fini_array_start = .)
 *(SORT_BY_NAME(.fini_array.*))
 *(.fini_array*)
 .fini_array    0x08004a94        0x4 /opt/st/stm32cubeide_2.1.0/plugins/com.st.stm32cube.ide.mcu.externaltools.gnu-tools-for-stm32.14.3.rel1.linux64_1.0.100.202602081740/tools/bin/../lib/gcc/arm-none-eabi/14.3.1/thumb/v7e-m+fp/hard/crtbegin.o
                [!provide]                        PROVIDE (__fini_array_end = .)
                0x08004a98                        . = ALIGN (0x4)
                0x08004a98                        _sidata = LOADADDR (.data)

.rel.dyn        0x08004a98        0x0
 .rel.iplt      0x08004a98        0x0 /opt/st/stm32cubeide_2.1.0/plugins/com.st.stm32cube.ide.mcu.externaltools.gnu-tools-for-stm32.14.3.rel1.linux64_1.0.100.202602081740/tools/bin/../lib/gcc/arm-none-eabi/14.3.1/thumb/v7e-m+fp/hard/crtbegin.o

.data           0x20000000       0x90 load address 0x08004a98
                0x20000000                        . = ALIGN (0x4)
                0x20000000                        _sdata = .
 *(.data)
 *(.data*)
 .data._ZL10diskStatus
                0x20000000        0x1 ./Src/diskio.o
 *fill*         0x20000001        0x3 
 .data.led1Pin  0x20000004        0xc ./Src/main.o
                0x20000004                led1Pin
 .data.led2Pin  0x20000010        0xc ./Src/main.o
                0x20000010                led2Pin
 .data.buttonPin
                0x2000001c        0xc ./Src/main.o
                0x2000001c                buttonPin
 .data.dhtPin   0x20000028        0xc ./Src/main.o
                0x20000028                dhtPin
 .data.sckPin   0x20000034        0xc ./Src/main.o
                0x20000034                sckPin
 .data.misoPin  0x20000040        0xc ./Src/main.o
                0x20000040                misoPin
 .data.mosiPin  0x2000004c        0xc ./Src/main.o
                0x2000004c                mosiPin
 .data.nssPin   0x20000058        0xc ./Src/main.o
                0x20000058                nssPin
 .data.sdPins   0x20000064       0x28 ./Src/main.o
                0x20000064                sdPins
 .data.SystemCoreClock
                0x2000008c        0x4 ./Src/system_stm32f4xx.o
                0x2000008c                SystemCoreClock
 *(.RamFunc)
 *(.RamFunc*)
                0x20000090                        . = ALIGN (0x4)
                0x20000090                        _edata = .

.igot.plt       0x20000090        0x0 load address 0x08004b28
 .igot.plt      0x20000090        0x0 /opt/st/stm32cubeide_2.1.0/plugins/com.st.stm32cube.ide.mcu.externaltools.gnu-tools-for-stm32.14.3.rel1.linux64_1.0.100.202602081740/tools/bin/../lib/gcc/arm-none-eabi/14.3.1/thumb/v7e-m+fp/hard/crtbegin.o
                0x20000090                        . = ALIGN (0x4)

.bss            0x20000090      0x50c load address 0x08004b28
                0x20000090                        _sbss = .
                0x20000090                        __bss_start__ = _sbss
 *(.bss)
 .bss           0x20000090       0x1c /opt/st/stm32cubeide_2.1.0/plugins/com.st.stm32cube.ide.mcu.externaltools.gnu-tools-for-stm32.14.3.rel1.linux64_1.0.100.202602081740/tools/bin/../lib/gcc/arm-none-eabi/14.3.1/thumb/v7e-m+fp/hard/crtbegin.o
 *(.bss*)
 .bss._ZL8cardType
                0x200000ac        0x1 ./Src/diskio.o
 *fill*         0x200000ad        0x3 
 .bss.FatFs     0x200000b0        0x4 ./Src/ff.o
 .bss.Fsid      0x200000b4        0x2 ./Src/ff.o
 *fill*         0x200000b6        0x2 
 .bss.gpioA     0x200000b8        0x4 ./Src/main.o
                0x200000b8                gpioA
 .bss.gpioB     0x200000bc        0x4 ./Src/main.o
                0x200000bc                gpioB
 .bss.gpioC     0x200000c0        0x4 ./Src/main.o
                0x200000c0                gpioC
 .bss.rcc       0x200000c4        0x1 ./Src/main.o
                0x200000c4                rcc
 *fill*         0x200000c5        0x3 
 .bss.buttonExti
                0x200000c8       0x14 ./Src/main.o
                0x200000c8                buttonExti
 .bss.dht       0x200000dc        0xc ./Src/main.o
                0x200000dc                dht
 .bss.sdSpi     0x200000e8       0x2c ./Src/main.o
                0x200000e8                sdSpi
 .bss.logger    0x20000114      0x45c ./Src/main.o
                0x20000114                logger
 .bss.fsm       0x20000570       0x28 ./Src/main.o
                0x20000570                fsm
 .bss._ZN4Tick6tickMsE
                0x20000598        0x4 ./Src/systick.o
                0x20000598                Tick::tickMs
 *(COMMON)
                0x2000059c                        . = ALIGN (0x4)
                0x2000059c                        _ebss = .
                0x2000059c                        __bss_end__ = _ebss

._user_heap_stack
                0x2000059c      0x604 load address 0x08004b28
                0x200005a0                        . = ALIGN (0x8)
 *fill*         0x2000059c        0x4 
                [!provide]                        PROVIDE (end = .)
                0x200005a0                        PROVIDE (_end = .)
                0x200007a0                        . = (. + _Min_Heap_Size)
 *fill*         0x200005a0      0x200 
                0x20000ba0                        . = (. + _Min_Stack_Size)
 *fill*         0x200007a0      0x400 
                0x20000ba0                        . = ALIGN (0x8)

/DISCARD/
 libc.a(*)
 libm.a(*)
 libgcc.a(*)

.ARM.attributes
                0x00000000       0x30
 *(.ARM.attributes)
 .ARM.attributes
                0x00000000       0x22 /opt/st/stm32cubeide_2.1.0/plugins/com.st.stm32cube.ide.mcu.externaltools.gnu-tools-for-stm32.14.3.rel1.linux64_1.0.100.202602081740/tools/bin/../lib/gcc/arm-none-eabi/14.3.1/thumb/v7e-m+fp/hard/crti.o
 .ARM.attributes
                0x00000022       0x34 /opt/st/stm32cubeide_2.1.0/plugins/com.st.stm32cube.ide.mcu.externaltools.gnu-tools-for-stm32.14.3.rel1.linux64_1.0.100.202602081740/tools/bin/../lib/gcc/arm-none-eabi/14.3.1/thumb/v7e-m+fp/hard/crtbegin.o
 .ARM.attributes
                0x00000056       0x34 ./Src/diskio.o
 .ARM.attributes
                0x0000008a       0x34 ./Src/ff.o
 .ARM.attributes
                0x000000be       0x34 ./Src/main.o
 .ARM.attributes
                0x000000f2       0x34 ./Src/system_stm32f4xx.o
 .ARM.attributes
                0x00000126       0x34 ./Src/systick.o
 .ARM.attributes
                0x0000015a       0x21 ./Startup/startup_stm32f446retx.o
 .ARM.attributes
                0x0000017b       0x34 /opt/st/stm32cubeide_2.1.0/plugins/com.st.stm32cube.ide.mcu.externaltools.gnu-tools-for-stm32.14.3.rel1.linux64_1.0.100.202602081740/tools/bin/../lib/gcc/arm-none-eabi/14.3.1/../../../../arm-none-eabi/lib/thumb/v7e-m+fp/hard/libc_nano.a(libc_a-memcmp.o)
 .ARM.attributes
                0x000001af       0x34 /opt/st/stm32cubeide_2.1.0/plugins/com.st.stm32cube.ide.mcu.externaltools.gnu-tools-for-stm32.14.3.rel1.linux64_1.0.100.202602081740/tools/bin/../lib/gcc/arm-none-eabi/14.3.1/../../../../arm-none-eabi/lib/thumb/v7e-m+fp/hard/libc_nano.a(libc_a-memset.o)
 .ARM.attributes
                0x000001e3       0x34 /opt/st/stm32cubeide_2.1.0/plugins/com.st.stm32cube.ide.mcu.externaltools.gnu-tools-for-stm32.14.3.rel1.linux64_1.0.100.202602081740/tools/bin/../lib/gcc/arm-none-eabi/14.3.1/../../../../arm-none-eabi/lib/thumb/v7e-m+fp/hard/libc_nano.a(libc_a-strchr.o)
 .ARM.attributes
                0x00000217       0x34 /opt/st/stm32cubeide_2.1.0/plugins/com.st.stm32cube.ide.mcu.externaltools.gnu-tools-for-stm32.14.3.rel1.linux64_1.0.100.202602081740/tools/bin/../lib/gcc/arm-none-eabi/14.3.1/../../../../arm-none-eabi/lib/thumb/v7e-m+fp/hard/libc_nano.a(libc_a-init.o)
 .ARM.attributes
                0x0000024b       0x34 /opt/st/stm32cubeide_2.1.0/plugins/com.st.stm32cube.ide.mcu.externaltools.gnu-tools-for-stm32.14.3.rel1.linux64_1.0.100.202602081740/tools/bin/../lib/gcc/arm-none-eabi/14.3.1/../../../../arm-none-eabi/lib/thumb/v7e-m+fp/hard/libc_nano.a(libc_a-memcpy-stub.o)
 .ARM.attributes
                0x0000027f       0x22 /opt/st/stm32cubeide_2.1.0/plugins/com.st.stm32cube.ide.mcu.externaltools.gnu-tools-for-stm32.14.3.rel1.linux64_1.0.100.202602081740/tools/bin/../lib/gcc/arm-none-eabi/14.3.1/thumb/v7e-m+fp/hard/libgcc.a(_arm_addsubdf3.o)
 .ARM.attributes
                0x000002a1       0x22 /opt/st/stm32cubeide_2.1.0/plugins/com.st.stm32cube.ide.mcu.externaltools.gnu-tools-for-stm32.14.3.rel1.linux64_1.0.100.202602081740/tools/bin/../lib/gcc/arm-none-eabi/14.3.1/thumb/v7e-m+fp/hard/crtn.o
OUTPUT(temp_logger.elf elf32-littlearm)
LOAD linker stubs
LOAD /opt/st/stm32cubeide_2.1.0/plugins/com.st.stm32cube.ide.mcu.externaltools.gnu-tools-for-stm32.14.3.rel1.linux64_1.0.100.202602081740/tools/bin/../lib/gcc/arm-none-eabi/14.3.1/../../../../arm-none-eabi/lib/thumb/v7e-m+fp/hard/libc.a
LOAD /opt/st/stm32cubeide_2.1.0/plugins/com.st.stm32cube.ide.mcu.externaltools.gnu-tools-for-stm32.14.3.rel1.linux64_1.0.100.202602081740/tools/bin/../lib/gcc/arm-none-eabi/14.3.1/../../../../arm-none-eabi/lib/thumb/v7e-m+fp/hard/libm.a
LOAD /opt/st/stm32cubeide_2.1.0/plugins/com.st.stm32cube.ide.mcu.externaltools.gnu-tools-for-stm32.14.3.rel1.linux64_1.0.100.202602081740/tools/bin/../lib/gcc/arm-none-eabi/14.3.1/thumb/v7e-m+fp/hard/libgcc.a

.debug_info     0x00000000     0x6d0e
 .debug_info    0x00000000     0x13b9 ./Src/diskio.o
 .debug_info    0x000013b9     0x1dd9 ./Src/ff.o
 .debug_info    0x00003192     0x3205 ./Src/main.o
 .debug_info    0x00006397      0x543 ./Src/system_stm32f4xx.o
 .debug_info    0x000068da      0x404 ./Src/systick.o
 .debug_info    0x00006cde       0x30 ./Startup/startup_stm32f446retx.o

.debug_abbrev   0x00000000     0x1018
 .debug_abbrev  0x00000000      0x425 ./Src/diskio.o
 .debug_abbrev  0x00000425      0x291 ./Src/ff.o
 .debug_abbrev  0x000006b6      0x71b ./Src/main.o
 .debug_abbrev  0x00000dd1      0x11a ./Src/system_stm32f4xx.o
 .debug_abbrev  0x00000eeb      0x109 ./Src/systick.o
 .debug_abbrev  0x00000ff4       0x24 ./Startup/startup_stm32f446retx.o

.debug_aranges  0x00000000      0x520
 .debug_aranges
                0x00000000       0xa0 ./Src/diskio.o
 .debug_aranges
                0x000000a0      0x1d0 ./Src/ff.o
 .debug_aranges
                0x00000270      0x248 ./Src/main.o
 .debug_aranges
                0x000004b8       0x28 ./Src/system_stm32f4xx.o
 .debug_aranges
                0x000004e0       0x18 ./Src/systick.o
 .debug_aranges
                0x000004f8       0x28 ./Startup/startup_stm32f446retx.o

.debug_rnglists
                0x00000000      0x3fb
 .debug_rnglists
                0x00000000       0x79 ./Src/diskio.o
 .debug_rnglists
                0x00000079      0x178 ./Src/ff.o
 .debug_rnglists
                0x000001f1      0x1d7 ./Src/main.o
 .debug_rnglists
                0x000003c8       0x1a ./Src/system_stm32f4xx.o
 .debug_rnglists
                0x000003e2       0x19 ./Startup/startup_stm32f446retx.o

.debug_macro    0x00000000    0x1af0c
 .debug_macro   0x00000000      0x150 ./Src/diskio.o
 .debug_macro   0x00000150      0x119 ./Src/diskio.o
 .debug_macro   0x00000269       0xe2 ./Src/diskio.o
 .debug_macro   0x0000034b       0x8e ./Src/diskio.o
 .debug_macro   0x000003d9       0x28 ./Src/diskio.o
 .debug_macro   0x00000401       0x1c ./Src/diskio.o
 .debug_macro   0x0000041d       0x22 ./Src/diskio.o
 .debug_macro   0x0000043f       0xfb ./Src/diskio.o
 .debug_macro   0x0000053a     0x1011 ./Src/diskio.o
 .debug_macro   0x0000154b      0x11f ./Src/diskio.o
 .debug_macro   0x0000166a    0x16749 ./Src/diskio.o
 .debug_macro   0x00017db3      0x6ba ./Src/ff.o
 .debug_macro   0x0001846d      0xaea ./Src/ff.o
 .debug_macro   0x00018f57       0x5b ./Src/ff.o
 .debug_macro   0x00018fb2       0x2a ./Src/ff.o
 .debug_macro   0x00018fdc       0x94 ./Src/ff.o
 .debug_macro   0x00019070       0x43 ./Src/ff.o
 .debug_macro   0x000190b3       0x34 ./Src/ff.o
 .debug_macro   0x000190e7      0x190 ./Src/ff.o
 .debug_macro   0x00019277       0x57 ./Src/ff.o
 .debug_macro   0x000192ce      0x364 ./Src/ff.o
 .debug_macro   0x00019632       0x16 ./Src/ff.o
 .debug_macro   0x00019648       0x4a ./Src/ff.o
 .debug_macro   0x00019692       0x34 ./Src/ff.o
 .debug_macro   0x000196c6       0x10 ./Src/ff.o
 .debug_macro   0x000196d6       0x58 ./Src/ff.o
 .debug_macro   0x0001972e       0x8e ./Src/ff.o
 .debug_macro   0x000197bc       0x1c ./Src/ff.o
 .debug_macro   0x000197d8      0x17e ./Src/ff.o
 .debug_macro   0x00019956       0x10 ./Src/ff.o
 .debug_macro   0x00019966       0x3c ./Src/ff.o
 .debug_macro   0x000199a2       0x20 ./Src/ff.o
 .debug_macro   0x000199c2       0x58 ./Src/ff.o
 .debug_macro   0x00019a1a      0x185 ./Src/main.o
 .debug_macro   0x00019b9f       0xe8 ./Src/main.o
 .debug_macro   0x00019c87       0xda ./Src/system_stm32f4xx.o
 .debug_macro   0x00019d61       0x28 ./Src/system_stm32f4xx.o
 .debug_macro   0x00019d89     0x1011 ./Src/system_stm32f4xx.o
 .debug_macro   0x0001ad9a       0x6d ./Src/system_stm32f4xx.o
 .debug_macro   0x0001ae07      0x105 ./Src/systick.o

.debug_line     0x00000000     0x5768
 .debug_line    0x00000000      0xcbd ./Src/diskio.o
 .debug_line    0x00000cbd     0x2aa2 ./Src/ff.o
 .debug_line    0x0000375f     0x157a ./Src/main.o
 .debug_line    0x00004cd9      0x473 ./Src/system_stm32f4xx.o
 .debug_line    0x0000514c      0x5a1 ./Src/systick.o
 .debug_line    0x000056ed       0x7b ./Startup/startup_stm32f446retx.o

.debug_str      0x00000000    0x96c3b
 .debug_str     0x00000000    0x96c3b ./Src/diskio.o
                              0x8e1d0 (size before relaxing)
 .debug_str     0x00096c3b     0xba07 ./Src/ff.o
 .debug_str     0x00096c3b    0x8f309 ./Src/main.o
 .debug_str     0x00096c3b    0x8b32d ./Src/system_stm32f4xx.o
 .debug_str     0x00096c3b    0x8cfb6 ./Src/systick.o
 .debug_str     0x00096c3b       0x8e ./Startup/startup_stm32f446retx.o

.comment        0x00000000       0x43
 .comment       0x00000000       0x43 ./Src/diskio.o
                                 0x44 (size before relaxing)
 .comment       0x00000043       0x44 ./Src/ff.o
 .comment       0x00000043       0x44 ./Src/main.o
 .comment       0x00000043       0x44 ./Src/system_stm32f4xx.o
 .comment       0x00000043       0x44 ./Src/systick.o

.debug_frame    0x00000000     0x15f4
 .debug_frame   0x00000000      0x264 ./Src/diskio.o
 .debug_frame   0x00000264      0x808 ./Src/ff.o
 .debug_frame   0x00000a6c      0x9d0 ./Src/main.o
 .debug_frame   0x0000143c       0x50 ./Src/system_stm32f4xx.o
 .debug_frame   0x0000148c       0x28 /opt/st/stm32cubeide_2.1.0/plugins/com.st.stm32cube.ide.mcu.externaltools.gnu-tools-for-stm32.14.3.rel1.linux64_1.0.100.202602081740/tools/bin/../lib/gcc/arm-none-eabi/14.3.1/../../../../arm-none-eabi/lib/thumb/v7e-m+fp/hard/libc_nano.a(libc_a-memcmp.o)
 .debug_frame   0x000014b4       0x20 /opt/st/stm32cubeide_2.1.0/plugins/com.st.stm32cube.ide.mcu.externaltools.gnu-tools-for-stm32.14.3.rel1.linux64_1.0.100.202602081740/tools/bin/../lib/gcc/arm-none-eabi/14.3.1/../../../../arm-none-eabi/lib/thumb/v7e-m+fp/hard/libc_nano.a(libc_a-memset.o)
 .debug_frame   0x000014d4       0x20 /opt/st/stm32cubeide_2.1.0/plugins/com.st.stm32cube.ide.mcu.externaltools.gnu-tools-for-stm32.14.3.rel1.linux64_1.0.100.202602081740/tools/bin/../lib/gcc/arm-none-eabi/14.3.1/../../../../arm-none-eabi/lib/thumb/v7e-m+fp/hard/libc_nano.a(libc_a-strchr.o)
 .debug_frame   0x000014f4       0x2c /opt/st/stm32cubeide_2.1.0/plugins/com.st.stm32cube.ide.mcu.externaltools.gnu-tools-for-stm32.14.3.rel1.linux64_1.0.100.202602081740/tools/bin/../lib/gcc/arm-none-eabi/14.3.1/../../../../arm-none-eabi/lib/thumb/v7e-m+fp/hard/libc_nano.a(libc_a-init.o)
 .debug_frame   0x00001520       0x28 /opt/st/stm32cubeide_2.1.0/plugins/com.st.stm32cube.ide.mcu.externaltools.gnu-tools-for-stm32.14.3.rel1.linux64_1.0.100.202602081740/tools/bin/../lib/gcc/arm-none-eabi/14.3.1/../../../../arm-none-eabi/lib/thumb/v7e-m+fp/hard/libc_nano.a(libc_a-memcpy-stub.o)
 .debug_frame   0x00001548       0xac /opt/st/stm32cubeide_2.1.0/plugins/com.st.stm32cube.ide.mcu.externaltools.gnu-tools-for-stm32.14.3.rel1.linux64_1.0.100.202602081740/tools/bin/../lib/gcc/arm-none-eabi/14.3.1/thumb/v7e-m+fp/hard/libgcc.a(_arm_addsubdf3.o)

.debug_line_str
                0x00000000       0x72
 .debug_line_str
                0x00000000       0x72 ./Startup/startup_stm32f446retx.o
