01:07:56 **** Incremental Build of configuration Debug for project temp_logger ****
make -j16 all 
arm-none-eabi-g++ "../Src/main.cpp" -mcpu=cortex-m4 -std=gnu++14 -g3 -DDEBUG -DSTM32 -DSTM32F4 -DSTM32F446RETx -DNUCLEO_F446RE -c -I../Inc -O0 -ffunction-sections -fdata-sections -fno-exceptions -fno-rtti -fno-use-cxa-atexit -Wall -fstack-usage -fcyclomatic-complexity -MMD -MP -MF"Src/main.d" -MT"Src/main.o" --specs=nano.specs -mfpu=fpv4-sp-d16 -mfloat-abi=hard -mthumb -o "Src/main.o"
../Src/main.cpp: In constructor 'Test::Test()':
../Src/main.cpp:6:30: warning: unused variable 'flag' [-Wunused-variable]
    6 |                 volatile int flag = 1;
      |                              ^~~~
arm-none-eabi-g++ -o "temp_logger.elf" @"objects.list"   -mcpu=cortex-m4 -T"/home/jeovmen/embedded-projects/stm32_bare_metal_temp_logger/temp_logger/STM32F446RETX_FLASH.ld" --specs=nosys.specs -Wl,-Map="temp_logger.map" -Wl,--gc-sections -static --specs=nano.specs -mfpu=fpv4-sp-d16 -mfloat-abi=hard -mthumb -Wl,--start-group -lc -lm -lstdc++ -lsupc++ -Wl,--end-group
Finished building target: temp_logger.elf
 
arm-none-eabi-size  temp_logger.elf 
arm-none-eabi-objdump -h -S temp_logger.elf  > "temp_logger.list"
   text	   data	    bss	    dec	    hex	filename
    812	      0	   1568	   2380	    94c	temp_logger.elf
Finished building: default.size.stdout
 
Finished building: temp_logger.list
 
